
Discarded input sections

 .data          0x0000000000000000        0x0 build/obj/crt0_v7m.o
 .bss           0x0000000000000000        0x0 build/obj/crt0_v7m.o
 .data          0x0000000000000000        0x0 build/obj/chcoreasm_v7m.o
 .bss           0x0000000000000000        0x0 build/obj/chcoreasm_v7m.o
 .text          0x0000000000000000        0x0 /tmp/ccZYykvA.ltrans0.ltrans.o
 .data          0x0000000000000000        0x0 /tmp/ccZYykvA.ltrans0.ltrans.o
 .bss           0x0000000000000000        0x0 /tmp/ccZYykvA.ltrans0.ltrans.o

Memory Configuration

Name             Origin             Length             Attributes
flash0           0x0000000008000000 0x0000000000200000
flash1           0x0000000000200000 0x0000000000200000
flash2           0x0000000000000000 0x0000000000000000
flash3           0x0000000000000000 0x0000000000000000
flash4           0x0000000000000000 0x0000000000000000
flash5           0x0000000000000000 0x0000000000000000
flash6           0x0000000000000000 0x0000000000000000
flash7           0x0000000000000000 0x0000000000000000
ram0             0x0000000020020000 0x0000000000060000
ram1             0x0000000020020000 0x000000000005c000
ram2             0x000000002007c000 0x0000000000004000
ram3             0x0000000020000000 0x0000000000020000
ram4             0x0000000000000000 0x0000000000004000
ram5             0x0000000040024000 0x0000000000001000
ram6             0x0000000000000000 0x0000000000000000
ram7             0x0000000000000000 0x0000000000000000
*default*        0x0000000000000000 0xffffffffffffffff

Linker script and memory map

LOAD build/obj/crt0_v7m.o
LOAD build/obj/chcoreasm_v7m.o
LOAD /tmp/ccZYykvA.ltrans0.ltrans.o

.mstack         0x0000000020000000      0x400
                0x0000000020000000                . = ALIGN (0x8)
                0x0000000020000000                __main_stack_base__ = .
                0x0000000020000400                . = (. + __main_stack_size__)
 *fill*         0x0000000020000000      0x400 
                0x0000000020000400                . = ALIGN (0x8)
                0x0000000020000400                __main_stack_end__ = .

.pstack         0x0000000020000400      0x400
                0x0000000020000400                __process_stack_base__ = .
                0x0000000020000400                __main_thread_stack_base__ = .
                0x0000000020000800                . = (. + __process_stack_size__)
 *fill*         0x0000000020000400      0x400 
                0x0000000020000800                . = ALIGN (0x8)
                0x0000000020000800                __process_stack_end__ = .
                0x0000000020000800                __main_thread_stack_end__ = .

.nocache        0x0000000020000800        0x0
                0x0000000020000800                __nocache_base__ = .
 *(.nocache)
 *(.nocache.*)
 *(.bss.__nocache_*)
                0x0000000020000800                . = ALIGN (0x4)
                0x0000000020000800                __nocache_end__ = .

.eth            0x0000000020000800        0x0
                0x0000000020000800                __eth_base__ = .
 *(.eth)
 *(.eth.*)
 *(.bss.__eth_*)
                0x0000000020000800                . = ALIGN (0x4)
                0x0000000020000800                __eth_end__ = .

.vectors        0x0000000000200000      0x200 load address 0x0000000008000000
 *(.vectors)
 .vectors       0x0000000000200000      0x200 /tmp/ccZYykvA.ltrans0.ltrans.o
                0x0000000000200000                _vectors

.xtors          0x0000000000200200        0x0 load address 0x0000000008000200
                0x0000000000200200                __init_array_start = .
 *(SORT_BY_NAME(.init_array.*))
 *(.init_array)
                0x0000000000200200                __init_array_end = .
                0x0000000000200200                __fini_array_start = .
 *(.fini_array)
 *(SORT_BY_NAME(.fini_array.*))
                0x0000000000200200                __fini_array_end = .

.text           0x0000000000200200     0x12cc load address 0x0000000008000200
 *(.text)
 .text          0x0000000000200200       0xd8 build/obj/crt0_v7m.o
                0x0000000000200200                Reset_Handler
 .text          0x00000000002002d8       0x28 build/obj/chcoreasm_v7m.o
                0x00000000002002d8                _port_switch
                0x00000000002002e8                _port_thread_start
                0x00000000002002f8                _port_switch_from_isr
                0x00000000002002fc                _port_exit_from_isr
 *(.text.*)
 .text.chTMStartMeasurementX.constprop.20
                0x0000000000200300        0xc /tmp/ccZYykvA.ltrans0.ltrans.o
 *fill*         0x000000000020030c        0x4 
 .text.notify2  0x0000000000200310       0x10 /tmp/ccZYykvA.ltrans0.ltrans.o
 .text.chCoreAllocAlignedWithOffset
                0x0000000000200320       0x44 /tmp/ccZYykvA.ltrans0.ltrans.o
 *fill*         0x0000000000200364        0xc 
 .text._pal_lld_setgroupmode
                0x0000000000200370       0xd4 /tmp/ccZYykvA.ltrans0.ltrans.o
 *fill*         0x0000000000200444        0xc 
 .text._port_irq_epilogue
                0x0000000000200450       0x5c /tmp/ccZYykvA.ltrans0.ltrans.o
 *fill*         0x00000000002004ac        0x4 
 .text.SysTick_Handler
                0x00000000002004b0       0x58 /tmp/ccZYykvA.ltrans0.ltrans.o
 *fill*         0x0000000000200508        0x8 
 .text.SVC_Handler
                0x0000000000200510       0x1c /tmp/ccZYykvA.ltrans0.ltrans.o
 *fill*         0x000000000020052c        0x4 
 .text.chTMStopMeasurementX
                0x0000000000200530       0x48 /tmp/ccZYykvA.ltrans0.ltrans.o
 *fill*         0x0000000000200578        0x8 
 .text.wakeup   0x0000000000200580       0x70 /tmp/ccZYykvA.ltrans0.ltrans.o
 .text.chSchReadyI
                0x00000000002005f0       0x28 /tmp/ccZYykvA.ltrans0.ltrans.o
 *fill*         0x0000000000200618        0x8 
 .text.chEvtBroadcastFlagsI.constprop.16
                0x0000000000200620       0x60 /tmp/ccZYykvA.ltrans0.ltrans.o
 .text.VectorD8
                0x0000000000200680      0x190 /tmp/ccZYykvA.ltrans0.ltrans.o
 .text._idle_thread
                0x0000000000200810        0x4 /tmp/ccZYykvA.ltrans0.ltrans.o
 *fill*         0x0000000000200814        0xc 
 .text._unhandled_exception
                0x0000000000200820        0x4 /tmp/ccZYykvA.ltrans0.ltrans.o
 *fill*         0x0000000000200824        0xc 
 .text.chSchWakeupS.constprop.25
                0x0000000000200830       0x5c /tmp/ccZYykvA.ltrans0.ltrans.o
 *fill*         0x000000000020088c        0x4 
 .text.chSchGoSleepS
                0x0000000000200890       0x28 /tmp/ccZYykvA.ltrans0.ltrans.o
 *fill*         0x00000000002008b8        0x8 
 .text.chSchGoSleepTimeoutS
                0x00000000002008c0       0x88 /tmp/ccZYykvA.ltrans0.ltrans.o
 *fill*         0x0000000000200948        0x8 
 .text.chThdEnqueueTimeoutS
                0x0000000000200950       0x28 /tmp/ccZYykvA.ltrans0.ltrans.o
 *fill*         0x0000000000200978        0x8 
 .text.oqWriteTimeout
                0x0000000000200980       0xb8 /tmp/ccZYykvA.ltrans0.ltrans.o
 *fill*         0x0000000000200a38        0x8 
 .text._writet  0x0000000000200a40        0x8 /tmp/ccZYykvA.ltrans0.ltrans.o
 *fill*         0x0000000000200a48        0x8 
 .text._write   0x0000000000200a50        0xc /tmp/ccZYykvA.ltrans0.ltrans.o
 *fill*         0x0000000000200a5c        0x4 
 .text.oqPutTimeout
                0x0000000000200a60       0x54 /tmp/ccZYykvA.ltrans0.ltrans.o
 *fill*         0x0000000000200ab4        0xc 
 .text._putt    0x0000000000200ac0        0x8 /tmp/ccZYykvA.ltrans0.ltrans.o
 *fill*         0x0000000000200ac8        0x8 
 .text._put     0x0000000000200ad0        0xc /tmp/ccZYykvA.ltrans0.ltrans.o
 *fill*         0x0000000000200adc        0x4 
 .text.iqReadTimeout
                0x0000000000200ae0       0xb8 /tmp/ccZYykvA.ltrans0.ltrans.o
 *fill*         0x0000000000200b98        0x8 
 .text._readt   0x0000000000200ba0        0x8 /tmp/ccZYykvA.ltrans0.ltrans.o
 *fill*         0x0000000000200ba8        0x8 
 .text._read    0x0000000000200bb0        0xc /tmp/ccZYykvA.ltrans0.ltrans.o
 *fill*         0x0000000000200bbc        0x4 
 .text.iqGetTimeout
                0x0000000000200bc0       0x50 /tmp/ccZYykvA.ltrans0.ltrans.o
 .text._gett    0x0000000000200c10        0x8 /tmp/ccZYykvA.ltrans0.ltrans.o
 *fill*         0x0000000000200c18        0x8 
 .text._get     0x0000000000200c20        0xc /tmp/ccZYykvA.ltrans0.ltrans.o
 *fill*         0x0000000000200c2c        0x4 
 .text.chThdSleep
                0x0000000000200c30       0x18 /tmp/ccZYykvA.ltrans0.ltrans.o
 *fill*         0x0000000000200c48        0x8 
 .text.Thread   0x0000000000200c50        0xc /tmp/ccZYykvA.ltrans0.ltrans.o
 *fill*         0x0000000000200c5c        0x4 
 .text.startup.main
                0x0000000000200c60      0x5e0 /tmp/ccZYykvA.ltrans0.ltrans.o
                0x0000000000200c60                main
 .text.__early_init
                0x0000000000201240       0xe4 /tmp/ccZYykvA.ltrans0.ltrans.o
                0x0000000000201240                __early_init
 *fill*         0x0000000000201324        0xc 
 .text.chThdExit
                0x0000000000201330       0x50 /tmp/ccZYykvA.ltrans0.ltrans.o
                0x0000000000201330                chThdExit
 .text.chSchDoReschedule
                0x0000000000201380       0x40 /tmp/ccZYykvA.ltrans0.ltrans.o
                0x0000000000201380                chSchDoReschedule
 .text.__init_ram_areas
                0x00000000002013c0       0x68 /tmp/ccZYykvA.ltrans0.ltrans.o
                0x00000000002013c0                __init_ram_areas
 *fill*         0x0000000000201428        0x8 
 .text.__default_exit
                0x0000000000201430        0x4 /tmp/ccZYykvA.ltrans0.ltrans.o
                0x0000000000201430                __default_exit
 *fill*         0x0000000000201434        0xc 
 .text.__late_init
                0x0000000000201440        0x4 /tmp/ccZYykvA.ltrans0.ltrans.o
                0x0000000000201440                __late_init
 *fill*         0x0000000000201444        0xc 
 .text.__core_init
                0x0000000000201450       0x7c /tmp/ccZYykvA.ltrans0.ltrans.o
                0x0000000000201450                __core_init
 *(.glue_7t)
 .glue_7t       0x00000000002014cc        0x0 linker stubs
 *(.glue_7)
 .glue_7        0x00000000002014cc        0x0 linker stubs
 *(.gcc*)

.vfp11_veneer   0x00000000002014cc        0x0 load address 0x00000000080014cc
 .vfp11_veneer  0x00000000002014cc        0x0 linker stubs

.v4_bx          0x00000000002014cc        0x0 load address 0x00000000080014cc
 .v4_bx         0x00000000002014cc        0x0 linker stubs

.iplt           0x00000000002014cc        0x0 load address 0x00000000080014cc
 .iplt          0x00000000002014cc        0x0 build/obj/crt0_v7m.o

.rodata         0x00000000080014cc       0xc8
                0x00000000080014cc                . = ALIGN (0x4)
                0x00000000080014cc                __rodata_base__ = .
 *(.rodata)
 *(.rodata.*)
 .rodata.ch_debug
                0x00000000080014cc       0x16 /tmp/ccZYykvA.ltrans0.ltrans.o
 *fill*         0x00000000080014e2        0x2 
 .rodata.main.str1.4
                0x00000000080014e4       0x10 /tmp/ccZYykvA.ltrans0.ltrans.o
                                          0xf (size before relaxing)
 .rodata.ram_areas
                0x00000000080014f4       0x80 /tmp/ccZYykvA.ltrans0.ltrans.o
 .rodata.vmt    0x0000000008001574       0x20 /tmp/ccZYykvA.ltrans0.ltrans.o
                0x0000000008001594                . = ALIGN (0x4)
                0x0000000008001594                __rodata_end__ = .

.rel.dyn        0x0000000008001594        0x0
 .rel.iplt      0x0000000008001594        0x0 build/obj/crt0_v7m.o

.ARM.extab
 *(.ARM.extab* .gnu.linkonce.armextab.*)

.ARM.exidx      0x00000000002014cc        0x0 load address 0x0000000008001594
                0x00000000002014cc                __exidx_start = .
 *(.ARM.exidx* .gnu.linkonce.armexidx.*)
                0x00000000002014cc                __exidx_end = .

.eh_frame_hdr
 *(.eh_frame_hdr)

.eh_frame
 *(.eh_frame)
                0x0000000020020000                __ram0_start__ = ORIGIN (ram0)
                0x0000000000060000                __ram0_size__ = LENGTH (ram0)
                0x0000000020080000                __ram0_end__ = (__ram0_start__ + __ram0_size__)
                0x0000000020020000                __ram1_start__ = ORIGIN (ram1)
                0x000000000005c000                __ram1_size__ = LENGTH (ram1)
                0x000000002007c000                __ram1_end__ = (__ram1_start__ + __ram1_size__)
                0x000000002007c000                __ram2_start__ = ORIGIN (ram2)
                0x0000000000004000                __ram2_size__ = LENGTH (ram2)
                0x0000000020080000                __ram2_end__ = (__ram2_start__ + __ram2_size__)
                0x0000000020000000                __ram3_start__ = ORIGIN (ram3)
                0x0000000000020000                __ram3_size__ = LENGTH (ram3)
                0x0000000020020000                __ram3_end__ = (__ram3_start__ + __ram3_size__)
                0x0000000000000000                __ram4_start__ = ORIGIN (ram4)
                0x0000000000004000                __ram4_size__ = LENGTH (ram4)
                0x0000000000004000                __ram4_end__ = (__ram4_start__ + __ram4_size__)
                0x0000000040024000                __ram5_start__ = ORIGIN (ram5)
                0x0000000000001000                __ram5_size__ = LENGTH (ram5)
                0x0000000040025000                __ram5_end__ = (__ram5_start__ + __ram5_size__)
                0x0000000000000000                __ram6_start__ = ORIGIN (ram6)
                0x0000000000000000                __ram6_size__ = LENGTH (ram6)
                0x0000000000000000                __ram6_end__ = (__ram6_start__ + __ram6_size__)
                0x0000000000000000                __ram7_start__ = ORIGIN (ram7)
                0x0000000000000000                __ram7_size__ = LENGTH (ram7)
                0x0000000000000000                __ram7_end__ = (__ram7_start__ + __ram7_size__)

.data           0x0000000020020000        0x0 load address 0x0000000008001594
                0x0000000020020000                . = ALIGN (0x4)
                [!provide]                        PROVIDE (_textdata, LOADADDR (.data))
                [!provide]                        PROVIDE (_data, .)
                0x0000000008001594                _textdata_start = LOADADDR (.data)
                0x0000000020020000                _data_start = .
 *(.data)
 *(.data.*)
 *(.ramtext)
                0x0000000020020000                . = ALIGN (0x4)
                [!provide]                        PROVIDE (_edata, .)
                0x0000000020020000                _data_end = .

.igot.plt       0x0000000020020000        0x0 load address 0x0000000008001594
 .igot.plt      0x0000000020020000        0x0 build/obj/crt0_v7m.o

.bss            0x0000000020000800      0x340
                0x0000000020000800                . = ALIGN (0x4)
                0x0000000020000800                _bss_start = .
 *(.bss)
 *(.bss.*)
 .bss.SD2       0x0000000020000800       0x60 /tmp/ccZYykvA.ltrans0.ltrans.o
 .bss.ch        0x0000000020000860       0x74 /tmp/ccZYykvA.ltrans0.ltrans.o
 *fill*         0x00000000200008d4        0x4 
 .bss.ch_idle_thread_wa
                0x00000000200008d8       0xd8 /tmp/ccZYykvA.ltrans0.ltrans.o
 .bss.ch_memcore
                0x00000000200009b0        0x8 /tmp/ccZYykvA.ltrans0.ltrans.o
 .bss.default_heap
                0x00000000200009b8       0x1c /tmp/ccZYykvA.ltrans0.ltrans.o
 .bss.sd_in_buf2
                0x00000000200009d4       0x10 /tmp/ccZYykvA.ltrans0.ltrans.o
 .bss.sd_out_buf2
                0x00000000200009e4       0x10 /tmp/ccZYykvA.ltrans0.ltrans.o
 *fill*         0x00000000200009f4        0x4 
 .bss.waThread  0x00000000200009f8      0x148 /tmp/ccZYykvA.ltrans0.ltrans.o
 *(COMMON)
                0x0000000020000b40                . = ALIGN (0x4)
                0x0000000020000b40                _bss_end = .
                [!provide]                        PROVIDE (end, .)

.ram0_init      0x0000000020020000        0x0 load address 0x0000000008001594
                0x0000000020020000                . = ALIGN (0x4)
                0x0000000008001594                __ram0_init_text__ = LOADADDR (.ram0_init)
                0x0000000020020000                __ram0_init__ = .
 *(.ram0_init)
 *(.ram0_init.*)
                0x0000000020020000                . = ALIGN (0x4)

.ram0           0x0000000020020000        0x0 load address 0x0000000008001594
                0x0000000020020000                . = ALIGN (0x4)
                0x0000000020020000                __ram0_clear__ = .
 *(.ram0_clear)
 *(.ram0_clear.*)
                0x0000000020020000                . = ALIGN (0x4)
                0x0000000020020000                __ram0_noinit__ = .
 *(.ram0)
 *(.ram0.*)
                0x0000000020020000                . = ALIGN (0x4)
                0x0000000020020000                __ram0_free__ = .

.ram1_init      0x0000000020020000        0x0 load address 0x0000000008001594
                0x0000000020020000                . = ALIGN (0x4)
                0x0000000008001594                __ram1_init_text__ = LOADADDR (.ram1_init)
                0x0000000020020000                __ram1_init__ = .
 *(.ram1_init)
 *(.ram1_init.*)
                0x0000000020020000                . = ALIGN (0x4)

.ram1           0x0000000020020000        0x0 load address 0x0000000008001594
                0x0000000020020000                . = ALIGN (0x4)
                0x0000000020020000                __ram1_clear__ = .
 *(.ram1_clear)
 *(.ram1_clear.*)
                0x0000000020020000                . = ALIGN (0x4)
                0x0000000020020000                __ram1_noinit__ = .
 *(.ram1)
 *(.ram1.*)
                0x0000000020020000                . = ALIGN (0x4)
                0x0000000020020000                __ram1_free__ = .

.ram2_init      0x000000002007c000        0x0 load address 0x0000000008001594
                0x000000002007c000                . = ALIGN (0x4)
                0x0000000008001594                __ram2_init_text__ = LOADADDR (.ram2_init)
                0x000000002007c000                __ram2_init__ = .
 *(.ram2_init)
 *(.ram2_init.*)
                0x000000002007c000                . = ALIGN (0x4)

.ram2           0x000000002007c000        0x0 load address 0x0000000008001594
                0x000000002007c000                . = ALIGN (0x4)
                0x000000002007c000                __ram2_clear__ = .
 *(.ram2_clear)
 *(.ram2_clear.*)
                0x000000002007c000                . = ALIGN (0x4)
                0x000000002007c000                __ram2_noinit__ = .
 *(.ram2)
 *(.ram2.*)
                0x000000002007c000                . = ALIGN (0x4)
                0x000000002007c000                __ram2_free__ = .

.ram3_init      0x0000000020000b40        0x0 load address 0x0000000008001594
                0x0000000020000b40                . = ALIGN (0x4)
                0x0000000008001594                __ram3_init_text__ = LOADADDR (.ram3_init)
                0x0000000020000b40                __ram3_init__ = .
 *(.ram3_init)
 *(.ram3_init.*)
                0x0000000020000b40                . = ALIGN (0x4)

.ram3           0x0000000020000b40        0x0 load address 0x0000000008001594
                0x0000000020000b40                . = ALIGN (0x4)
                0x0000000020000b40                __ram3_clear__ = .
 *(.ram3_clear)
 *(.ram3_clear.*)
                0x0000000020000b40                . = ALIGN (0x4)
                0x0000000020000b40                __ram3_noinit__ = .
 *(.ram3)
 *(.ram3.*)
                0x0000000020000b40                . = ALIGN (0x4)
                0x0000000020000b40                __ram3_free__ = .

.ram4_init      0x0000000000000000        0x0 load address 0x0000000008001594
                0x0000000000000000                . = ALIGN (0x4)
                0x0000000008001594                __ram4_init_text__ = LOADADDR (.ram4_init)
                0x0000000000000000                __ram4_init__ = .
 *(.ram4_init)
 *(.ram4_init.*)
                0x0000000000000000                . = ALIGN (0x4)

.ram4           0x0000000000000000        0x0 load address 0x0000000008001594
                0x0000000000000000                . = ALIGN (0x4)
                0x0000000000000000                __ram4_clear__ = .
 *(.ram4_clear)
 *(.ram4_clear.*)
                0x0000000000000000                . = ALIGN (0x4)
                0x0000000000000000                __ram4_noinit__ = .
 *(.ram4)
 *(.ram4.*)
                0x0000000000000000                . = ALIGN (0x4)
                0x0000000000000000                __ram4_free__ = .

.ram5_init      0x0000000040024000        0x0 load address 0x0000000008001594
                0x0000000040024000                . = ALIGN (0x4)
                0x0000000008001594                __ram5_init_text__ = LOADADDR (.ram5_init)
                0x0000000040024000                __ram5_init__ = .
 *(.ram5_init)
 *(.ram5_init.*)
                0x0000000040024000                . = ALIGN (0x4)

.ram5           0x0000000040024000        0x0 load address 0x0000000008001594
                0x0000000040024000                . = ALIGN (0x4)
                0x0000000040024000                __ram5_clear__ = .
 *(.ram5_clear)
 *(.ram5_clear.*)
                0x0000000040024000                . = ALIGN (0x4)
                0x0000000040024000                __ram5_noinit__ = .
 *(.ram5)
 *(.ram5.*)
                0x0000000040024000                . = ALIGN (0x4)
                0x0000000040024000                __ram5_free__ = .

.ram6_init      0x0000000000000000        0x0 load address 0x0000000008001594
                0x0000000000000000                . = ALIGN (0x4)
                0x0000000008001594                __ram6_init_text__ = LOADADDR (.ram6_init)
                0x0000000000000000                __ram6_init__ = .
 *(.ram6_init)
 *(.ram6_init.*)
                0x0000000000000000                . = ALIGN (0x4)

.ram6           0x0000000000000000        0x0 load address 0x0000000008001594
                0x0000000000000000                . = ALIGN (0x4)
                0x0000000000000000                __ram6_clear__ = .
 *(.ram6_clear)
 *(.ram6_clear.*)
                0x0000000000000000                . = ALIGN (0x4)
                0x0000000000000000                __ram6_noinit__ = .
 *(.ram6)
 *(.ram6.*)
                0x0000000000000000                . = ALIGN (0x4)
                0x0000000000000000                __ram6_free__ = .

.ram7_init      0x0000000000000000        0x0 load address 0x0000000008001594
                0x0000000000000000                . = ALIGN (0x4)
                0x0000000008001594                __ram7_init_text__ = LOADADDR (.ram7_init)
                0x0000000000000000                __ram7_init__ = .
 *(.ram7_init)
 *(.ram7_init.*)
                0x0000000000000000                . = ALIGN (0x4)

.ram7           0x0000000000000000        0x0 load address 0x0000000008001594
                0x0000000000000000                . = ALIGN (0x4)
                0x0000000000000000                __ram7_clear__ = .
 *(.ram7_clear)
 *(.ram7_clear.*)
                0x0000000000000000                . = ALIGN (0x4)
                0x0000000000000000                __ram7_noinit__ = .
 *(.ram7)
 *(.ram7.*)
                0x0000000000000000                . = ALIGN (0x4)
                0x0000000000000000                __ram7_free__ = .

.heap           0x0000000020020000    0x60000
                0x0000000020020000                . = ALIGN (0x8)
                0x0000000020020000                __heap_base__ = .
                0x0000000020080000                . = (ORIGIN (HEAP_RAM) + LENGTH (HEAP_RAM))
 *fill*         0x0000000020020000    0x60000 
                0x0000000020080000                __heap_end__ = .
                0x0000000000000400                __process_stack_size__ = 0x400
                0x0000000000000400                __main_stack_size__ = 0x400
START GROUP
LOAD /usr/local/bin/../lib/gcc/arm-none-eabi/7.2.1/thumb/v7e-m/libgcc.a
LOAD /usr/local/bin/../lib/gcc/arm-none-eabi/7.2.1/../../../../arm-none-eabi/lib/thumb/v7e-m/libg.a
LOAD /usr/local/bin/../lib/gcc/arm-none-eabi/7.2.1/../../../../arm-none-eabi/lib/thumb/v7e-m/libc.a
END GROUP
OUTPUT(build/ch.elf elf32-littlearm)

.ARM.attributes
                0x0000000000000000       0x2d
 .ARM.attributes
                0x0000000000000000       0x21 build/obj/crt0_v7m.o
 .ARM.attributes
                0x0000000000000021       0x21 build/obj/chcoreasm_v7m.o
 .ARM.attributes
                0x0000000000000042       0x31 /tmp/ccZYykvA.ltrans0.ltrans.o

.comment        0x0000000000000000       0x7e
 .comment       0x0000000000000000       0x7e /tmp/ccZYykvA.ltrans0.ltrans.o
                                         0x7f (size before relaxing)

.debug_line     0x0000000000000000     0x1746
 .debug_line    0x0000000000000000       0xe0 build/obj/crt0_v7m.o
 .debug_line    0x00000000000000e0       0x9b build/obj/chcoreasm_v7m.o
 .debug_line    0x000000000000017b     0x15cb /tmp/ccZYykvA.ltrans0.ltrans.o

.debug_info     0x0000000000000000     0x596f
 .debug_info    0x0000000000000000       0x26 build/obj/crt0_v7m.o
 .debug_info    0x0000000000000026       0x26 build/obj/chcoreasm_v7m.o
 .debug_info    0x000000000000004c     0x5923 /tmp/ccZYykvA.ltrans0.ltrans.o

.debug_abbrev   0x0000000000000000      0x74d
 .debug_abbrev  0x0000000000000000       0x14 build/obj/crt0_v7m.o
 .debug_abbrev  0x0000000000000014       0x14 build/obj/chcoreasm_v7m.o
 .debug_abbrev  0x0000000000000028      0x725 /tmp/ccZYykvA.ltrans0.ltrans.o

.debug_aranges  0x0000000000000000      0x198
 .debug_aranges
                0x0000000000000000       0x20 build/obj/crt0_v7m.o
 .debug_aranges
                0x0000000000000020       0x20 build/obj/chcoreasm_v7m.o
 .debug_aranges
                0x0000000000000040      0x158 /tmp/ccZYykvA.ltrans0.ltrans.o

.debug_str      0x0000000000000000     0x1e0d
 .debug_str     0x0000000000000000       0x9b build/obj/crt0_v7m.o
 .debug_str     0x000000000000009b       0x59 build/obj/chcoreasm_v7m.o
                                         0x9e (size before relaxing)
 .debug_str     0x00000000000000f4     0x1d19 /tmp/ccZYykvA.ltrans0.ltrans.o
                                       0x1e48 (size before relaxing)

.debug_loc      0x0000000000000000     0x1de6
 .debug_loc     0x0000000000000000     0x1de6 /tmp/ccZYykvA.ltrans0.ltrans.o

.debug_ranges   0x0000000000000000      0xfc8
 .debug_ranges  0x0000000000000000      0xfc8 /tmp/ccZYykvA.ltrans0.ltrans.o

.debug_frame    0x0000000000000000      0x458
 .debug_frame   0x0000000000000000      0x458 /tmp/ccZYykvA.ltrans0.ltrans.o

Cross Reference Table

Symbol                                            File
BusFault_Handler                                  build/obj/vectors.o (symbol from plugin)
DebugMon_Handler                                  build/obj/vectors.o (symbol from plugin)
HardFault_Handler                                 build/obj/vectors.o (symbol from plugin)
MemManage_Handler                                 build/obj/vectors.o (symbol from plugin)
NMI_Handler                                       build/obj/vectors.o (symbol from plugin)
PendSV_Handler                                    build/obj/vectors.o (symbol from plugin)
Reset_Handler                                     build/obj/crt0_v7m.o
                                                  /tmp/ccZYykvA.ltrans0.ltrans.o
                                                  build/obj/vectors.o (symbol from plugin)
SD2                                               build/obj/hal_serial_lld.o (symbol from plugin)
                                                  build/obj/main.o (symbol from plugin)
SVC_Handler                                       build/obj/chcore_v7m.o (symbol from plugin)
                                                  build/obj/vectors.o (symbol from plugin)
SerialCommGetPkg                                  build/obj/main.o (symbol from plugin)
SerialCommInit                                    build/obj/main.o (symbol from plugin)
SetTheMotorValueHorizontally                      build/obj/main.o (symbol from plugin)
SetTheMotorValueVertically                        build/obj/main.o (symbol from plugin)
StepperMotorInit                                  build/obj/main.o (symbol from plugin)
SysTick_Handler                                   build/obj/hal_st_lld.o (symbol from plugin)
                                                  build/obj/vectors.o (symbol from plugin)
SystemCoreClock                                   build/obj/hal_lld.o (symbol from plugin)
UpdateStateMotor                                  build/obj/main.o (symbol from plugin)
UsageFault_Handler                                build/obj/vectors.o (symbol from plugin)
Vector100                                         build/obj/vectors.o (symbol from plugin)
Vector104                                         build/obj/vectors.o (symbol from plugin)
Vector108                                         build/obj/vectors.o (symbol from plugin)
Vector10C                                         build/obj/vectors.o (symbol from plugin)
Vector110                                         build/obj/vectors.o (symbol from plugin)
Vector114                                         build/obj/vectors.o (symbol from plugin)
Vector118                                         build/obj/vectors.o (symbol from plugin)
Vector11C                                         build/obj/vectors.o (symbol from plugin)
Vector120                                         build/obj/vectors.o (symbol from plugin)
Vector124                                         build/obj/vectors.o (symbol from plugin)
Vector128                                         build/obj/vectors.o (symbol from plugin)
Vector12C                                         build/obj/vectors.o (symbol from plugin)
Vector130                                         build/obj/vectors.o (symbol from plugin)
Vector134                                         build/obj/vectors.o (symbol from plugin)
Vector138                                         build/obj/vectors.o (symbol from plugin)
Vector13C                                         build/obj/vectors.o (symbol from plugin)
Vector140                                         build/obj/vectors.o (symbol from plugin)
Vector144                                         build/obj/vectors.o (symbol from plugin)
Vector148                                         build/obj/vectors.o (symbol from plugin)
Vector14C                                         build/obj/vectors.o (symbol from plugin)
Vector150                                         build/obj/vectors.o (symbol from plugin)
Vector154                                         build/obj/vectors.o (symbol from plugin)
Vector158                                         build/obj/vectors.o (symbol from plugin)
Vector15C                                         build/obj/vectors.o (symbol from plugin)
Vector160                                         build/obj/vectors.o (symbol from plugin)
Vector164                                         build/obj/vectors.o (symbol from plugin)
Vector168                                         build/obj/vectors.o (symbol from plugin)
Vector16C                                         build/obj/vectors.o (symbol from plugin)
Vector170                                         build/obj/vectors.o (symbol from plugin)
Vector174                                         build/obj/vectors.o (symbol from plugin)
Vector178                                         build/obj/vectors.o (symbol from plugin)
Vector17C                                         build/obj/vectors.o (symbol from plugin)
Vector180                                         build/obj/vectors.o (symbol from plugin)
Vector184                                         build/obj/vectors.o (symbol from plugin)
Vector188                                         build/obj/vectors.o (symbol from plugin)
Vector18C                                         build/obj/vectors.o (symbol from plugin)
Vector190                                         build/obj/vectors.o (symbol from plugin)
Vector194                                         build/obj/vectors.o (symbol from plugin)
Vector198                                         build/obj/vectors.o (symbol from plugin)
Vector19C                                         build/obj/vectors.o (symbol from plugin)
Vector1A0                                         build/obj/vectors.o (symbol from plugin)
Vector1A4                                         build/obj/vectors.o (symbol from plugin)
Vector1A8                                         build/obj/vectors.o (symbol from plugin)
Vector1AC                                         build/obj/vectors.o (symbol from plugin)
Vector1B0                                         build/obj/vectors.o (symbol from plugin)
Vector1B4                                         build/obj/vectors.o (symbol from plugin)
Vector1B8                                         build/obj/vectors.o (symbol from plugin)
Vector1BC                                         build/obj/vectors.o (symbol from plugin)
Vector1C                                          build/obj/vectors.o (symbol from plugin)
Vector1C0                                         build/obj/vectors.o (symbol from plugin)
Vector1C4                                         build/obj/vectors.o (symbol from plugin)
Vector1C8                                         build/obj/vectors.o (symbol from plugin)
Vector1CC                                         build/obj/vectors.o (symbol from plugin)
Vector1D0                                         build/obj/vectors.o (symbol from plugin)
Vector1D4                                         build/obj/vectors.o (symbol from plugin)
Vector1D8                                         build/obj/vectors.o (symbol from plugin)
Vector1DC                                         build/obj/vectors.o (symbol from plugin)
Vector1E0                                         build/obj/vectors.o (symbol from plugin)
Vector1E4                                         build/obj/vectors.o (symbol from plugin)
Vector1E8                                         build/obj/vectors.o (symbol from plugin)
Vector1EC                                         build/obj/vectors.o (symbol from plugin)
Vector1F0                                         build/obj/vectors.o (symbol from plugin)
Vector1F4                                         build/obj/vectors.o (symbol from plugin)
Vector1F8                                         build/obj/vectors.o (symbol from plugin)
Vector1FC                                         build/obj/vectors.o (symbol from plugin)
Vector20                                          build/obj/vectors.o (symbol from plugin)
Vector24                                          build/obj/vectors.o (symbol from plugin)
Vector28                                          build/obj/vectors.o (symbol from plugin)
Vector34                                          build/obj/vectors.o (symbol from plugin)
Vector40                                          build/obj/vectors.o (symbol from plugin)
Vector44                                          build/obj/vectors.o (symbol from plugin)
Vector48                                          build/obj/vectors.o (symbol from plugin)
Vector4C                                          build/obj/vectors.o (symbol from plugin)
Vector50                                          build/obj/vectors.o (symbol from plugin)
Vector54                                          build/obj/vectors.o (symbol from plugin)
Vector58                                          build/obj/vectors.o (symbol from plugin)
Vector5C                                          build/obj/vectors.o (symbol from plugin)
Vector60                                          build/obj/vectors.o (symbol from plugin)
Vector64                                          build/obj/vectors.o (symbol from plugin)
Vector68                                          build/obj/vectors.o (symbol from plugin)
Vector6C                                          build/obj/vectors.o (symbol from plugin)
Vector70                                          build/obj/vectors.o (symbol from plugin)
Vector74                                          build/obj/vectors.o (symbol from plugin)
Vector78                                          build/obj/vectors.o (symbol from plugin)
Vector7C                                          build/obj/vectors.o (symbol from plugin)
Vector80                                          build/obj/vectors.o (symbol from plugin)
Vector84                                          build/obj/vectors.o (symbol from plugin)
Vector88                                          build/obj/vectors.o (symbol from plugin)
Vector8C                                          build/obj/vectors.o (symbol from plugin)
Vector90                                          build/obj/vectors.o (symbol from plugin)
Vector94                                          build/obj/vectors.o (symbol from plugin)
Vector98                                          build/obj/vectors.o (symbol from plugin)
Vector9C                                          build/obj/vectors.o (symbol from plugin)
VectorA0                                          build/obj/vectors.o (symbol from plugin)
VectorA4                                          build/obj/vectors.o (symbol from plugin)
VectorA8                                          build/obj/vectors.o (symbol from plugin)
VectorAC                                          build/obj/vectors.o (symbol from plugin)
VectorB0                                          build/obj/vectors.o (symbol from plugin)
VectorB4                                          build/obj/vectors.o (symbol from plugin)
VectorB8                                          build/obj/vectors.o (symbol from plugin)
VectorBC                                          build/obj/vectors.o (symbol from plugin)
VectorC0                                          build/obj/vectors.o (symbol from plugin)
VectorC4                                          build/obj/vectors.o (symbol from plugin)
VectorC8                                          build/obj/vectors.o (symbol from plugin)
VectorCC                                          build/obj/vectors.o (symbol from plugin)
VectorD0                                          build/obj/vectors.o (symbol from plugin)
VectorD4                                          build/obj/vectors.o (symbol from plugin)
VectorD8                                          build/obj/hal_serial_lld.o (symbol from plugin)
                                                  build/obj/vectors.o (symbol from plugin)
VectorDC                                          build/obj/vectors.o (symbol from plugin)
VectorE0                                          build/obj/vectors.o (symbol from plugin)
VectorE4                                          build/obj/vectors.o (symbol from plugin)
VectorE8                                          build/obj/vectors.o (symbol from plugin)
VectorEC                                          build/obj/vectors.o (symbol from plugin)
VectorF0                                          build/obj/vectors.o (symbol from plugin)
VectorF4                                          build/obj/vectors.o (symbol from plugin)
VectorF8                                          build/obj/vectors.o (symbol from plugin)
VectorFC                                          build/obj/vectors.o (symbol from plugin)
__core_init                                       /tmp/ccZYykvA.ltrans0.ltrans.o
                                                  build/obj/crt1.o (symbol from plugin)
                                                  build/obj/crt0_v7m.o
__default_exit                                    /tmp/ccZYykvA.ltrans0.ltrans.o
                                                  build/obj/crt1.o (symbol from plugin)
                                                  build/obj/crt0_v7m.o
__early_init                                      /tmp/ccZYykvA.ltrans0.ltrans.o
                                                  build/obj/board.o (symbol from plugin)
                                                  build/obj/crt1.o (symbol from plugin)
                                                  build/obj/crt0_v7m.o
__fini_array_end                                  build/obj/crt0_v7m.o
__fini_array_start                                build/obj/crt0_v7m.o
__heap_base__                                     /tmp/ccZYykvA.ltrans0.ltrans.o
                                                  build/obj/chmemcore.o (symbol from plugin)
__heap_end__                                      /tmp/ccZYykvA.ltrans0.ltrans.o
                                                  build/obj/chmemcore.o (symbol from plugin)
__init_array_end                                  build/obj/crt0_v7m.o
__init_array_start                                build/obj/crt0_v7m.o
__init_ram_areas                                  /tmp/ccZYykvA.ltrans0.ltrans.o
                                                  build/obj/crt1.o (symbol from plugin)
                                                  build/obj/crt0_v7m.o
__late_init                                       /tmp/ccZYykvA.ltrans0.ltrans.o
                                                  build/obj/crt1.o (symbol from plugin)
                                                  build/obj/crt0_v7m.o
__main_stack_base__                               build/obj/crt0_v7m.o
__main_stack_end__                                /tmp/ccZYykvA.ltrans0.ltrans.o
                                                  build/obj/vectors.o (symbol from plugin)
                                                  build/obj/crt0_v7m.o
__process_stack_base__                            build/obj/crt0_v7m.o
__process_stack_end__                             build/obj/crt0_v7m.o
__ram0_clear__                                    /tmp/ccZYykvA.ltrans0.ltrans.o
                                                  build/obj/crt1.o (symbol from plugin)
__ram0_init__                                     /tmp/ccZYykvA.ltrans0.ltrans.o
                                                  build/obj/crt1.o (symbol from plugin)
__ram0_init_text__                                /tmp/ccZYykvA.ltrans0.ltrans.o
                                                  build/obj/crt1.o (symbol from plugin)
__ram0_noinit__                                   /tmp/ccZYykvA.ltrans0.ltrans.o
                                                  build/obj/crt1.o (symbol from plugin)
__ram1_clear__                                    /tmp/ccZYykvA.ltrans0.ltrans.o
                                                  build/obj/crt1.o (symbol from plugin)
__ram1_init__                                     /tmp/ccZYykvA.ltrans0.ltrans.o
                                                  build/obj/crt1.o (symbol from plugin)
__ram1_init_text__                                /tmp/ccZYykvA.ltrans0.ltrans.o
                                                  build/obj/crt1.o (symbol from plugin)
__ram1_noinit__                                   /tmp/ccZYykvA.ltrans0.ltrans.o
                                                  build/obj/crt1.o (symbol from plugin)
__ram2_clear__                                    /tmp/ccZYykvA.ltrans0.ltrans.o
                                                  build/obj/crt1.o (symbol from plugin)
__ram2_init__                                     /tmp/ccZYykvA.ltrans0.ltrans.o
                                                  build/obj/crt1.o (symbol from plugin)
__ram2_init_text__                                /tmp/ccZYykvA.ltrans0.ltrans.o
                                                  build/obj/crt1.o (symbol from plugin)
__ram2_noinit__                                   /tmp/ccZYykvA.ltrans0.ltrans.o
                                                  build/obj/crt1.o (symbol from plugin)
__ram3_clear__                                    /tmp/ccZYykvA.ltrans0.ltrans.o
                                                  build/obj/crt1.o (symbol from plugin)
__ram3_init__                                     /tmp/ccZYykvA.ltrans0.ltrans.o
                                                  build/obj/crt1.o (symbol from plugin)
__ram3_init_text__                                /tmp/ccZYykvA.ltrans0.ltrans.o
                                                  build/obj/crt1.o (symbol from plugin)
__ram3_noinit__                                   /tmp/ccZYykvA.ltrans0.ltrans.o
                                                  build/obj/crt1.o (symbol from plugin)
__ram4_clear__                                    /tmp/ccZYykvA.ltrans0.ltrans.o
                                                  build/obj/crt1.o (symbol from plugin)
__ram4_init__                                     /tmp/ccZYykvA.ltrans0.ltrans.o
                                                  build/obj/crt1.o (symbol from plugin)
__ram4_init_text__                                /tmp/ccZYykvA.ltrans0.ltrans.o
                                                  build/obj/crt1.o (symbol from plugin)
__ram4_noinit__                                   /tmp/ccZYykvA.ltrans0.ltrans.o
                                                  build/obj/crt1.o (symbol from plugin)
__ram5_clear__                                    /tmp/ccZYykvA.ltrans0.ltrans.o
                                                  build/obj/crt1.o (symbol from plugin)
__ram5_init__                                     /tmp/ccZYykvA.ltrans0.ltrans.o
                                                  build/obj/crt1.o (symbol from plugin)
__ram5_init_text__                                /tmp/ccZYykvA.ltrans0.ltrans.o
                                                  build/obj/crt1.o (symbol from plugin)
__ram5_noinit__                                   /tmp/ccZYykvA.ltrans0.ltrans.o
                                                  build/obj/crt1.o (symbol from plugin)
__ram6_clear__                                    /tmp/ccZYykvA.ltrans0.ltrans.o
                                                  build/obj/crt1.o (symbol from plugin)
__ram6_init__                                     /tmp/ccZYykvA.ltrans0.ltrans.o
                                                  build/obj/crt1.o (symbol from plugin)
__ram6_init_text__                                /tmp/ccZYykvA.ltrans0.ltrans.o
                                                  build/obj/crt1.o (symbol from plugin)
__ram6_noinit__                                   /tmp/ccZYykvA.ltrans0.ltrans.o
                                                  build/obj/crt1.o (symbol from plugin)
__ram7_clear__                                    /tmp/ccZYykvA.ltrans0.ltrans.o
                                                  build/obj/crt1.o (symbol from plugin)
__ram7_init__                                     /tmp/ccZYykvA.ltrans0.ltrans.o
                                                  build/obj/crt1.o (symbol from plugin)
__ram7_init_text__                                /tmp/ccZYykvA.ltrans0.ltrans.o
                                                  build/obj/crt1.o (symbol from plugin)
__ram7_noinit__                                   /tmp/ccZYykvA.ltrans0.ltrans.o
                                                  build/obj/crt1.o (symbol from plugin)
_bss_end                                          build/obj/crt0_v7m.o
_bss_start                                        build/obj/crt0_v7m.o
_core_init                                        build/obj/chmemcore.o (symbol from plugin)
                                                  build/obj/chsys.o (symbol from plugin)
_data_end                                         build/obj/crt0_v7m.o
_data_start                                       build/obj/crt0_v7m.o
_heap_init                                        build/obj/chheap.o (symbol from plugin)
                                                  build/obj/chsys.o (symbol from plugin)
_pal_lld_init                                     build/obj/hal_pal_lld.o (symbol from plugin)
                                                  build/obj/hal.o (symbol from plugin)
_pal_lld_setgroupmode                             build/obj/hal_pal_lld.o (symbol from plugin)
                                                  build/obj/main.o (symbol from plugin)
                                                  build/obj/hal_pal.o (symbol from plugin)
_port_exit_from_isr                               build/obj/chcoreasm_v7m.o
                                                  /tmp/ccZYykvA.ltrans0.ltrans.o
                                                  build/obj/chcore_v7m.o (symbol from plugin)
_port_irq_epilogue                                build/obj/chcore_v7m.o (symbol from plugin)
                                                  build/obj/hal_serial_lld.o (symbol from plugin)
                                                  build/obj/hal_st_lld.o (symbol from plugin)
_port_switch                                      build/obj/chcoreasm_v7m.o
                                                  /tmp/ccZYykvA.ltrans0.ltrans.o
                                                  build/obj/chschd.o (symbol from plugin)
_port_switch_from_isr                             build/obj/chcoreasm_v7m.o
                                                  /tmp/ccZYykvA.ltrans0.ltrans.o
                                                  build/obj/chcore_v7m.o (symbol from plugin)
_port_thread_start                                build/obj/chcoreasm_v7m.o
                                                  /tmp/ccZYykvA.ltrans0.ltrans.o
                                                  build/obj/chthreads.o (symbol from plugin)
_scheduler_init                                   build/obj/chschd.o (symbol from plugin)
                                                  build/obj/chsys.o (symbol from plugin)
_textdata_start                                   build/obj/crt0_v7m.o
_thread_init                                      build/obj/chthreads.o (symbol from plugin)
                                                  build/obj/chsys.o (symbol from plugin)
_tm_init                                          build/obj/chtm.o (symbol from plugin)
                                                  build/obj/chsys.o (symbol from plugin)
_unhandled_exception                              build/obj/vectors.o (symbol from plugin)
_vectors                                          /tmp/ccZYykvA.ltrans0.ltrans.o
                                                  build/obj/vectors.o (symbol from plugin)
                                                  build/obj/crt0_v7m.o
_vt_init                                          build/obj/chvt.o (symbol from plugin)
                                                  build/obj/chsys.o (symbol from plugin)
boardInit                                         build/obj/board.o (symbol from plugin)
                                                  build/obj/hal.o (symbol from plugin)
ch                                                build/obj/chschd.o (symbol from plugin)
                                                  build/obj/hal_queues.o (symbol from plugin)
                                                  build/obj/hal_buffers.o (symbol from plugin)
                                                  build/obj/chmsg.o (symbol from plugin)
                                                  build/obj/chevents.o (symbol from plugin)
                                                  build/obj/chcond.o (symbol from plugin)
                                                  build/obj/chmtx.o (symbol from plugin)
                                                  build/obj/chsem.o (symbol from plugin)
                                                  build/obj/chregistry.o (symbol from plugin)
                                                  build/obj/chtm.o (symbol from plugin)
                                                  build/obj/chthreads.o (symbol from plugin)
                                                  build/obj/chvt.o (symbol from plugin)
                                                  build/obj/chsys.o (symbol from plugin)
chCondBroadcast                                   build/obj/chcond.o (symbol from plugin)
chCondBroadcastI                                  build/obj/chcond.o (symbol from plugin)
chCondObjectInit                                  build/obj/chcond.o (symbol from plugin)
chCondSignal                                      build/obj/chcond.o (symbol from plugin)
chCondSignalI                                     build/obj/chcond.o (symbol from plugin)
chCondWait                                        build/obj/chcond.o (symbol from plugin)
chCondWaitS                                       build/obj/chcond.o (symbol from plugin)
chCondWaitTimeout                                 build/obj/chcond.o (symbol from plugin)
chCondWaitTimeoutS                                build/obj/chcond.o (symbol from plugin)
chCoreAllocAlignedWithOffset                      build/obj/chmemcore.o (symbol from plugin)
                                                  build/obj/chheap.o (symbol from plugin)
chCoreAllocAlignedWithOffsetI                     build/obj/chmemcore.o (symbol from plugin)
chCoreGetStatusX                                  build/obj/chmemcore.o (symbol from plugin)
chEvtAddEvents                                    build/obj/chevents.o (symbol from plugin)
chEvtBroadcastFlags                               build/obj/chevents.o (symbol from plugin)
chEvtBroadcastFlagsI                              build/obj/chevents.o (symbol from plugin)
                                                  build/obj/hal_serial_lld.o (symbol from plugin)
                                                  build/obj/hal_serial.o (symbol from plugin)
chEvtDispatch                                     build/obj/chevents.o (symbol from plugin)
chEvtGetAndClearEvents                            build/obj/chevents.o (symbol from plugin)
chEvtGetAndClearFlags                             build/obj/chevents.o (symbol from plugin)
chEvtGetAndClearFlagsI                            build/obj/chevents.o (symbol from plugin)
chEvtRegisterMaskWithFlags                        build/obj/chevents.o (symbol from plugin)
chEvtSignal                                       build/obj/chevents.o (symbol from plugin)
chEvtSignalI                                      build/obj/chevents.o (symbol from plugin)
chEvtUnregister                                   build/obj/chevents.o (symbol from plugin)
chEvtWaitAll                                      build/obj/chevents.o (symbol from plugin)
chEvtWaitAllTimeout                               build/obj/chevents.o (symbol from plugin)
chEvtWaitAny                                      build/obj/chevents.o (symbol from plugin)
chEvtWaitAnyTimeout                               build/obj/chevents.o (symbol from plugin)
chEvtWaitOne                                      build/obj/chevents.o (symbol from plugin)
chEvtWaitOneTimeout                               build/obj/chevents.o (symbol from plugin)
chGuardedPoolAllocTimeout                         build/obj/chmempools.o (symbol from plugin)
chGuardedPoolAllocTimeoutS                        build/obj/chmempools.o (symbol from plugin)
chGuardedPoolFree                                 build/obj/chmempools.o (symbol from plugin)
chGuardedPoolFreeI                                build/obj/chmempools.o (symbol from plugin)
chGuardedPoolLoadArray                            build/obj/chmempools.o (symbol from plugin)
chGuardedPoolObjectInit                           build/obj/chmempools.o (symbol from plugin)
chHeapAllocAligned                                build/obj/chheap.o (symbol from plugin)
                                                  build/obj/chdynamic.o (symbol from plugin)
chHeapFree                                        build/obj/chheap.o (symbol from plugin)
                                                  build/obj/chthreads.o (symbol from plugin)
chHeapObjectInit                                  build/obj/chheap.o (symbol from plugin)
chHeapStatus                                      build/obj/chheap.o (symbol from plugin)
chMBFetch                                         build/obj/chmboxes.o (symbol from plugin)
chMBFetchI                                        build/obj/chmboxes.o (symbol from plugin)
chMBFetchS                                        build/obj/chmboxes.o (symbol from plugin)
chMBObjectInit                                    build/obj/chmboxes.o (symbol from plugin)
chMBPost                                          build/obj/chmboxes.o (symbol from plugin)
chMBPostAhead                                     build/obj/chmboxes.o (symbol from plugin)
chMBPostAheadI                                    build/obj/chmboxes.o (symbol from plugin)
chMBPostAheadS                                    build/obj/chmboxes.o (symbol from plugin)
chMBPostI                                         build/obj/chmboxes.o (symbol from plugin)
chMBPostS                                         build/obj/chmboxes.o (symbol from plugin)
chMBReset                                         build/obj/chmboxes.o (symbol from plugin)
chMBResetI                                        build/obj/chmboxes.o (symbol from plugin)
chMsgRelease                                      build/obj/chmsg.o (symbol from plugin)
chMsgSend                                         build/obj/chmsg.o (symbol from plugin)
chMsgWait                                         build/obj/chmsg.o (symbol from plugin)
chMtxLock                                         build/obj/chmtx.o (symbol from plugin)
                                                  build/obj/chheap.o (symbol from plugin)
chMtxLockS                                        build/obj/chmtx.o (symbol from plugin)
                                                  build/obj/chcond.o (symbol from plugin)
chMtxObjectInit                                   build/obj/chmtx.o (symbol from plugin)
                                                  build/obj/chheap.o (symbol from plugin)
chMtxTryLock                                      build/obj/chmtx.o (symbol from plugin)
chMtxTryLockS                                     build/obj/chmtx.o (symbol from plugin)
chMtxUnlock                                       build/obj/chmtx.o (symbol from plugin)
                                                  build/obj/chheap.o (symbol from plugin)
chMtxUnlockAll                                    build/obj/chmtx.o (symbol from plugin)
chMtxUnlockAllS                                   build/obj/chmtx.o (symbol from plugin)
chMtxUnlockS                                      build/obj/chmtx.o (symbol from plugin)
                                                  build/obj/chcond.o (symbol from plugin)
chPoolAlloc                                       build/obj/chmempools.o (symbol from plugin)
                                                  build/obj/chdynamic.o (symbol from plugin)
chPoolAllocI                                      build/obj/chmempools.o (symbol from plugin)
chPoolFree                                        build/obj/chmempools.o (symbol from plugin)
                                                  build/obj/chthreads.o (symbol from plugin)
chPoolFreeI                                       build/obj/chmempools.o (symbol from plugin)
chPoolLoadArray                                   build/obj/chmempools.o (symbol from plugin)
chPoolObjectInit                                  build/obj/chmempools.o (symbol from plugin)
chRegFindThreadByName                             build/obj/chregistry.o (symbol from plugin)
chRegFindThreadByPointer                          build/obj/chregistry.o (symbol from plugin)
chRegFindThreadByWorkingArea                      build/obj/chregistry.o (symbol from plugin)
chRegFirstThread                                  build/obj/chregistry.o (symbol from plugin)
chRegNextThread                                   build/obj/chregistry.o (symbol from plugin)
chSchDoReschedule                                 /tmp/ccZYykvA.ltrans0.ltrans.o
                                                  build/obj/chschd.o (symbol from plugin)
                                                  build/obj/chcoreasm_v7m.o
chSchDoRescheduleAhead                            build/obj/chschd.o (symbol from plugin)
chSchDoRescheduleBehind                           build/obj/chschd.o (symbol from plugin)
                                                  build/obj/chthreads.o (symbol from plugin)
chSchGoSleepS                                     build/obj/chschd.o (symbol from plugin)
                                                  build/obj/chmsg.o (symbol from plugin)
                                                  build/obj/chevents.o (symbol from plugin)
                                                  build/obj/chcond.o (symbol from plugin)
                                                  build/obj/chmtx.o (symbol from plugin)
                                                  build/obj/chsem.o (symbol from plugin)
                                                  build/obj/chthreads.o (symbol from plugin)
chSchGoSleepTimeoutS                              build/obj/chschd.o (symbol from plugin)
                                                  build/obj/chevents.o (symbol from plugin)
                                                  build/obj/chcond.o (symbol from plugin)
                                                  build/obj/chsem.o (symbol from plugin)
                                                  build/obj/chthreads.o (symbol from plugin)
chSchIsPreemptionRequired                         build/obj/chschd.o (symbol from plugin)
                                                  build/obj/chcore_v7m.o (symbol from plugin)
chSchReadyAheadI                                  build/obj/chschd.o (symbol from plugin)
chSchReadyI                                       build/obj/chschd.o (symbol from plugin)
                                                  build/obj/chmsg.o (symbol from plugin)
                                                  build/obj/chevents.o (symbol from plugin)
                                                  build/obj/chcond.o (symbol from plugin)
                                                  build/obj/chmtx.o (symbol from plugin)
                                                  build/obj/chsem.o (symbol from plugin)
                                                  build/obj/chthreads.o (symbol from plugin)
chSchRescheduleS                                  build/obj/chschd.o (symbol from plugin)
                                                  build/obj/hal_serial.o (symbol from plugin)
                                                  build/obj/chmempools.o (symbol from plugin)
                                                  build/obj/chmboxes.o (symbol from plugin)
                                                  build/obj/chevents.o (symbol from plugin)
                                                  build/obj/chcond.o (symbol from plugin)
                                                  build/obj/chmtx.o (symbol from plugin)
                                                  build/obj/chsem.o (symbol from plugin)
                                                  build/obj/chthreads.o (symbol from plugin)
                                                  build/obj/chsys.o (symbol from plugin)
chSchWakeupS                                      build/obj/chschd.o (symbol from plugin)
                                                  build/obj/chdynamic.o (symbol from plugin)
                                                  build/obj/chmsg.o (symbol from plugin)
                                                  build/obj/chcond.o (symbol from plugin)
                                                  build/obj/chsem.o (symbol from plugin)
                                                  build/obj/chthreads.o (symbol from plugin)
chSemAddCounterI                                  build/obj/chsem.o (symbol from plugin)
chSemObjectInit                                   build/obj/chsem.o (symbol from plugin)
                                                  build/obj/chmempools.o (symbol from plugin)
chSemReset                                        build/obj/chsem.o (symbol from plugin)
chSemResetI                                       build/obj/chsem.o (symbol from plugin)
chSemSignal                                       build/obj/chsem.o (symbol from plugin)
chSemSignalI                                      build/obj/chsem.o (symbol from plugin)
                                                  build/obj/chmempools.o (symbol from plugin)
chSemSignalWait                                   build/obj/chsem.o (symbol from plugin)
chSemWait                                         build/obj/chsem.o (symbol from plugin)
chSemWaitS                                        build/obj/chsem.o (symbol from plugin)
chSemWaitTimeout                                  build/obj/chsem.o (symbol from plugin)
chSemWaitTimeoutS                                 build/obj/chsem.o (symbol from plugin)
                                                  build/obj/chmempools.o (symbol from plugin)
chSysGetStatusAndLockX                            build/obj/chsys.o (symbol from plugin)
chSysHalt                                         build/obj/chsys.o (symbol from plugin)
chSysInit                                         build/obj/chsys.o (symbol from plugin)
                                                  build/obj/main.o (symbol from plugin)
chSysIntegrityCheckI                              build/obj/chsys.o (symbol from plugin)
chSysIsCounterWithinX                             build/obj/chsys.o (symbol from plugin)
chSysPolledDelayX                                 build/obj/chsys.o (symbol from plugin)
chSysRestoreStatusX                               build/obj/chsys.o (symbol from plugin)
chSysTimerHandlerI                                build/obj/chsys.o (symbol from plugin)
                                                  build/obj/hal_st_lld.o (symbol from plugin)
chTMChainMeasurementToX                           build/obj/chtm.o (symbol from plugin)
chTMObjectInit                                    build/obj/chtm.o (symbol from plugin)
chTMStartMeasurementX                             build/obj/chtm.o (symbol from plugin)
chTMStopMeasurementX                              build/obj/chtm.o (symbol from plugin)
chThdAddRef                                       build/obj/chthreads.o (symbol from plugin)
chThdCreate                                       build/obj/chthreads.o (symbol from plugin)
                                                  build/obj/chsys.o (symbol from plugin)
chThdCreateFromHeap                               build/obj/chdynamic.o (symbol from plugin)
chThdCreateFromMemoryPool                         build/obj/chdynamic.o (symbol from plugin)
chThdCreateI                                      build/obj/chthreads.o (symbol from plugin)
chThdCreateStatic                                 build/obj/chthreads.o (symbol from plugin)
                                                  build/obj/main.o (symbol from plugin)
chThdCreateSuspended                              build/obj/chthreads.o (symbol from plugin)
chThdCreateSuspendedI                             build/obj/chthreads.o (symbol from plugin)
                                                  build/obj/chdynamic.o (symbol from plugin)
chThdDequeueAllI                                  build/obj/chthreads.o (symbol from plugin)
                                                  build/obj/hal_queues.o (symbol from plugin)
                                                  build/obj/hal_buffers.o (symbol from plugin)
                                                  build/obj/chmboxes.o (symbol from plugin)
chThdDequeueNextI                                 build/obj/chthreads.o (symbol from plugin)
                                                  build/obj/hal_queues.o (symbol from plugin)
                                                  build/obj/hal_buffers.o (symbol from plugin)
                                                  build/obj/chmboxes.o (symbol from plugin)
chThdEnqueueTimeoutS                              build/obj/chthreads.o (symbol from plugin)
                                                  build/obj/hal_queues.o (symbol from plugin)
                                                  build/obj/hal_buffers.o (symbol from plugin)
                                                  build/obj/chmboxes.o (symbol from plugin)
chThdExit                                         /tmp/ccZYykvA.ltrans0.ltrans.o
                                                  build/obj/chthreads.o (symbol from plugin)
                                                  build/obj/chcoreasm_v7m.o
chThdExitS                                        build/obj/chthreads.o (symbol from plugin)
chThdRelease                                      build/obj/chthreads.o (symbol from plugin)
                                                  build/obj/chregistry.o (symbol from plugin)
chThdResume                                       build/obj/chthreads.o (symbol from plugin)
chThdResumeI                                      build/obj/chthreads.o (symbol from plugin)
chThdResumeS                                      build/obj/chthreads.o (symbol from plugin)
chThdSetPriority                                  build/obj/chthreads.o (symbol from plugin)
chThdSleep                                        build/obj/chthreads.o (symbol from plugin)
                                                  build/obj/main.o (symbol from plugin)
chThdSleepUntil                                   build/obj/chthreads.o (symbol from plugin)
chThdSleepUntilWindowed                           build/obj/chthreads.o (symbol from plugin)
chThdStart                                        build/obj/chthreads.o (symbol from plugin)
chThdSuspendS                                     build/obj/chthreads.o (symbol from plugin)
chThdSuspendTimeoutS                              build/obj/chthreads.o (symbol from plugin)
chThdTerminate                                    build/obj/chthreads.o (symbol from plugin)
chThdWait                                         build/obj/chthreads.o (symbol from plugin)
chThdYield                                        build/obj/chthreads.o (symbol from plugin)
chVTDoResetI                                      build/obj/chvt.o (symbol from plugin)
                                                  build/obj/chschd.o (symbol from plugin)
chVTDoSetI                                        build/obj/chvt.o (symbol from plugin)
                                                  build/obj/chschd.o (symbol from plugin)
ch_debug                                          build/obj/chregistry.o (symbol from plugin)
                                                  build/obj/chsys.o (symbol from plugin)
ch_idle_thread_wa                                 build/obj/chsys.o (symbol from plugin)
ch_memcore                                        build/obj/chmemcore.o (symbol from plugin)
chprintf                                          build/obj/chprintf.o (symbol from plugin)
chsnprintf                                        build/obj/chprintf.o (symbol from plugin)
chvprintf                                         build/obj/chprintf.o (symbol from plugin)
comm_dr                                           build/obj/main.o (symbol from plugin)
halInit                                           build/obj/hal.o (symbol from plugin)
                                                  build/obj/main.o (symbol from plugin)
hal_lld_init                                      build/obj/hal_lld.o (symbol from plugin)
                                                  build/obj/hal.o (symbol from plugin)
ibqGetEmptyBufferI                                build/obj/hal_buffers.o (symbol from plugin)
ibqGetFullBufferTimeout                           build/obj/hal_buffers.o (symbol from plugin)
ibqGetFullBufferTimeoutS                          build/obj/hal_buffers.o (symbol from plugin)
ibqGetTimeout                                     build/obj/hal_buffers.o (symbol from plugin)
ibqObjectInit                                     build/obj/hal_buffers.o (symbol from plugin)
ibqPostFullBufferI                                build/obj/hal_buffers.o (symbol from plugin)
ibqReadTimeout                                    build/obj/hal_buffers.o (symbol from plugin)
ibqReleaseEmptyBuffer                             build/obj/hal_buffers.o (symbol from plugin)
ibqReleaseEmptyBufferS                            build/obj/hal_buffers.o (symbol from plugin)
ibqResetI                                         build/obj/hal_buffers.o (symbol from plugin)
iqGetTimeout                                      build/obj/hal_queues.o (symbol from plugin)
                                                  build/obj/main.o (symbol from plugin)
                                                  build/obj/hal_serial.o (symbol from plugin)
iqObjectInit                                      build/obj/hal_queues.o (symbol from plugin)
                                                  build/obj/hal_serial_lld.o (symbol from plugin)
iqPutI                                            build/obj/hal_queues.o (symbol from plugin)
                                                  build/obj/hal_serial.o (symbol from plugin)
iqReadTimeout                                     build/obj/hal_queues.o (symbol from plugin)
                                                  build/obj/main.o (symbol from plugin)
                                                  build/obj/hal_serial.o (symbol from plugin)
iqResetI                                          build/obj/hal_queues.o (symbol from plugin)
                                                  build/obj/hal_serial.o (symbol from plugin)
main                                              /tmp/ccZYykvA.ltrans0.ltrans.o
                                                  build/obj/main.o (symbol from plugin)
                                                  build/obj/crt0_v7m.o
msObjectInit                                      build/obj/memstreams.o (symbol from plugin)
                                                  build/obj/chprintf.o (symbol from plugin)
nullObjectInit                                    build/obj/nullstreams.o (symbol from plugin)
nvicClearPending                                  build/obj/nvic.o (symbol from plugin)
nvicDisableVector                                 build/obj/nvic.o (symbol from plugin)
nvicEnableVector                                  build/obj/nvic.o (symbol from plugin)
                                                  build/obj/hal_serial_lld.o (symbol from plugin)
nvicSetSystemHandlerPriority                      build/obj/nvic.o (symbol from plugin)
                                                  build/obj/hal_st_lld.o (symbol from plugin)
obqFlush                                          build/obj/hal_buffers.o (symbol from plugin)
obqGetEmptyBufferTimeout                          build/obj/hal_buffers.o (symbol from plugin)
obqGetEmptyBufferTimeoutS                         build/obj/hal_buffers.o (symbol from plugin)
obqGetFullBufferI                                 build/obj/hal_buffers.o (symbol from plugin)
obqObjectInit                                     build/obj/hal_buffers.o (symbol from plugin)
obqPostFullBuffer                                 build/obj/hal_buffers.o (symbol from plugin)
obqPostFullBufferS                                build/obj/hal_buffers.o (symbol from plugin)
obqPutTimeout                                     build/obj/hal_buffers.o (symbol from plugin)
obqReleaseEmptyBufferI                            build/obj/hal_buffers.o (symbol from plugin)
obqResetI                                         build/obj/hal_buffers.o (symbol from plugin)
obqTryFlushI                                      build/obj/hal_buffers.o (symbol from plugin)
obqWriteTimeout                                   build/obj/hal_buffers.o (symbol from plugin)
oqGetI                                            build/obj/hal_queues.o (symbol from plugin)
                                                  build/obj/hal_serial_lld.o (symbol from plugin)
                                                  build/obj/hal_serial.o (symbol from plugin)
oqObjectInit                                      build/obj/hal_queues.o (symbol from plugin)
                                                  build/obj/hal_serial_lld.o (symbol from plugin)
oqPutTimeout                                      build/obj/hal_queues.o (symbol from plugin)
                                                  build/obj/hal_serial.o (symbol from plugin)
oqResetI                                          build/obj/hal_queues.o (symbol from plugin)
                                                  build/obj/hal_serial.o (symbol from plugin)
oqWriteTimeout                                    build/obj/hal_queues.o (symbol from plugin)
                                                  build/obj/hal_serial.o (symbol from plugin)
palReadBus                                        build/obj/hal_pal.o (symbol from plugin)
palSetBusMode                                     build/obj/hal_pal.o (symbol from plugin)
palWriteBus                                       build/obj/hal_pal.o (symbol from plugin)
pal_default_config                                build/obj/board.o (symbol from plugin)
                                                  build/obj/hal.o (symbol from plugin)
sdGetWouldBlock                                   build/obj/hal_serial.o (symbol from plugin)
sdIncomingDataI                                   build/obj/hal_serial.o (symbol from plugin)
                                                  build/obj/hal_serial_lld.o (symbol from plugin)
sdInit                                            build/obj/hal_serial.o (symbol from plugin)
                                                  build/obj/hal.o (symbol from plugin)
sdObjectInit                                      build/obj/hal_serial.o (symbol from plugin)
                                                  build/obj/hal_serial_lld.o (symbol from plugin)
sdPutWouldBlock                                   build/obj/hal_serial.o (symbol from plugin)
sdRequestDataI                                    build/obj/hal_serial.o (symbol from plugin)
sdStart                                           build/obj/hal_serial.o (symbol from plugin)
                                                  build/obj/main.o (symbol from plugin)
sdStop                                            build/obj/hal_serial.o (symbol from plugin)
sd_lld_init                                       build/obj/hal_serial_lld.o (symbol from plugin)
                                                  build/obj/hal_serial.o (symbol from plugin)
sd_lld_start                                      build/obj/hal_serial_lld.o (symbol from plugin)
                                                  build/obj/hal_serial.o (symbol from plugin)
sd_lld_stop                                       build/obj/hal_serial_lld.o (symbol from plugin)
                                                  build/obj/hal_serial.o (symbol from plugin)
stGetAlarm                                        build/obj/hal_st.o (symbol from plugin)
stInit                                            build/obj/hal_st.o (symbol from plugin)
                                                  build/obj/hal.o (symbol from plugin)
stSetAlarm                                        build/obj/hal_st.o (symbol from plugin)
stStartAlarm                                      build/obj/hal_st.o (symbol from plugin)
stStopAlarm                                       build/obj/hal_st.o (symbol from plugin)
st_lld_init                                       build/obj/hal_st_lld.o (symbol from plugin)
                                                  build/obj/hal_st.o (symbol from plugin)
stm32_clock_init                                  build/obj/hal_lld.o (symbol from plugin)
                                                  build/obj/board.o (symbol from plugin)
